// Jest Snapshot v1, https://goo.gl/fbAQLP

exports[`Modal signIn tests should match the snapshot 1`] = `ShallowWrapper {}`;
