// Jest Snapshot v1, https://goo.gl/fbAQLP

exports[`StudentHome component matches snapshot 1`] = `
<h1>
  Hello!
</h1>
`;
