// Jest Snapshot v1, https://goo.gl/fbAQLP

exports[`Modal signIn tests should match the snapshot 1`] = `
<section
  className="modal is-active"
  id="modalLogin"
>
  <section
    className="modal-background"
  />
  <section
    className="modal-card"
  >
    <header
      className="modal-card-head"
    >
      <p
        className="modal-card-title"
      >
        Connexion
      </p>
    </header>
    <section
      className="modal-card-body"
    >
      <form>
        <section
          className="field"
        >
          <p
            className="control has-icons-left"
          >
            <input
              className="input"
              id="emailInput"
              name="email"
              onChange={[Function]}
              placeholder="Email"
              required={true}
              type="email"
              value=""
            />
            <span
              className="icon is-small is-left"
            />
          </p>
        </section>
        <section
          className="field"
        >
          <p
            className="control has-icons-left"
          >
            <input
              className="input"
              id="passwordInput"
              name="password"
              onChange={[Function]}
              placeholder="Password"
              required={true}
              type="password"
              value=""
            />
            <span
              className="icon is-small is-left"
            >
              <i
                className="fas fa-lock"
              />
            </span>
          </p>
        </section>
        <footer
          className=" modalFooter"
        >
          <button
            className="button is-success"
            id="submitButton"
            onClick={[Function]}
            type="submit"
          >
            Se connecter
          </button>
          <button
            className="button"
            id="cancelButton"
            onClick={[Function]}
            type="button"
          >
            Annuler
          </button>
        </footer>
      </form>
    </section>
  </section>
</section>
`;
