// Jest Snapshot v1, https://goo.gl/fbAQLP

exports[`ProgramDetails component matches snapshot 1`] = `
<section
  className="studentHomeSection"
/>
`;
